MAP

NAME "WFS Rocks stats server"
STATUS ON
EXTENT 1050010 6330080 1070000 6349980

WEB
  METADATA
    "wfs_title"                  "WFS Rocks stats server" ## REQUIRED
    "wfs_onlineresource"         "http://127.0.0.1/cgi-bin/mapserv.exe?map=wfs_rockstats.map&" ## Recommended
    "wfs_srs"                    "epsg:2154" ## Recommended
    "wfs_abstract"               "This map presents the rocks and rock statistics from the Vallee des Merveilles." ## Recommended
  END
END #end web definition

PROJECTION
  "init=epsg:2154"
END #end projection

#
# Start of layer definitions
#

##################
# Rocks
##################
LAYER
    NAME 'rocks'
    TYPE POINT
    DUMP true
    METADATA
        "gml_include_items"     "rock_id,rock_number,geo_point,nb"
        "gml_featureid"         "rock_id" ## REQUIRED
    END
    INCLUDE "connect_info.map"
    DATA 'geo_point FROM (select rock_id, rock_number, geo_point, nb from viewname) as subquery using unique rock_id using srid=2154'
    STATUS ON
END #end rocks layer

END #mapfile